// Vitest Snapshot v1, https://vitest.dev/guide/snapshot.html

exports[`RI-139 F-9 敗因別の代表シナリオ > 7敗因の予兆・速度・直前状態・打てる手・限定介入を固定する 1`] = `
[
  {
    "baseline": {
      "leftDanger": false,
      "loseReason": "seniorBurnout",
      "sprintsToLose": 1,
      "status": "lost",
      "truncated": false,
    },
    "branches": [
      {
        "actionId": "interruptReview",
        "leftDanger": false,
        "loseReason": "seniorBurnout",
        "sprintsToLose": 1,
        "status": "lost",
        "truncated": false,
      },
      {
        "actionId": "andon",
        "leftDanger": false,
        "loseReason": "seniorBurnout",
        "sprintsToLose": 1,
        "status": "lost",
        "truncated": false,
      },
      {
        "actionId": "pairReview",
        "leftDanger": false,
        "loseReason": "seniorBurnout",
        "sprintsToLose": 1,
        "status": "lost",
        "truncated": false,
      },
    ],
    "counterfactualOrigin": {
      "index": 1,
      "quarter": 1,
      "sprintsPlayed": 0,
    },
    "effectiveProbes": [],
    "firstDanger": {
      "actions": [
        "aiThrottle",
        "andon",
        "firefight",
        "interruptReview",
        "overtime",
        "pairReview",
        "splitPr",
      ],
      "index": 1,
      "quarter": 1,
      "signals": {
        "aiDependency": 84.4,
        "aiLiteracy": 60,
        "budget": 60,
        "consecutiveIncidentSprints": 0,
        "morale": 99.5,
        "reviewQueue": 6,
        "reviewQueuePeak": 28,
        "seniorHp": 49.1,
        "techDebt": 0,
      },
      "sprintsPlayed": 0,
    },
    "lostPhase": "beat",
    "lostPrevState": {
      "aiDependency": 84.4,
      "budget": 60,
      "minTrust": 70,
      "morale": 100,
      "phase": "beat",
      "seniorHp": 24.9,
      "techDebt": 0,
      "trustCustomers": 70,
      "trustManagement": 70,
      "trustTeam": 75,
    },
    "mechanicallyAvailable": [
      "aiThrottle",
      "andon",
      "firefight",
      "interruptReview",
      "overtime",
      "pairReview",
      "splitPr",
    ],
    "reason": "seniorBurnout",
    "source": "easy/naiveNoInterventionCtl/pt-5",
    "sprintsPlayed": 1,
    "warningKey": "seniorHp",
  },
  {
    "baseline": {
      "leftDanger": false,
      "loseReason": "moraleCollapse",
      "sprintsToLose": 1,
      "status": "lost",
      "truncated": false,
    },
    "branches": [
      {
        "actionId": "firefight",
        "leftDanger": true,
        "loseReason": null,
        "sprintsToLose": null,
        "status": "playing",
        "truncated": true,
      },
      {
        "actionId": "andon",
        "leftDanger": false,
        "loseReason": "seniorBurnout",
        "sprintsToLose": 1,
        "status": "lost",
        "truncated": false,
      },
      {
        "actionId": "pairReview",
        "leftDanger": true,
        "loseReason": null,
        "sprintsToLose": null,
        "status": "playing",
        "truncated": true,
      },
    ],
    "counterfactualOrigin": {
      "index": 2,
      "quarter": 1,
      "sprintsPlayed": 1,
    },
    "effectiveProbes": [
      "firefight",
      "andon",
      "pairReview",
    ],
    "firstDanger": {
      "actions": [
        "aiThrottle",
        "andon",
        "firefight",
        "overtime",
        "pairReview",
      ],
      "index": 2,
      "quarter": 1,
      "signals": {
        "aiDependency": 65.4,
        "aiLiteracy": 25,
        "budget": 25,
        "consecutiveIncidentSprints": 0,
        "morale": 36,
        "reviewQueue": 0,
        "reviewQueuePeak": 23,
        "seniorHp": 2.6,
        "techDebt": 48,
      },
      "sprintsPlayed": 1,
    },
    "lostPhase": "sprint",
    "lostPrevState": {
      "aiDependency": 48.4,
      "budget": 25,
      "minTrust": 45,
      "morale": 65,
      "phase": "sprint",
      "seniorHp": 51.5,
      "techDebt": 0,
      "trustCustomers": 45,
      "trustManagement": 45,
      "trustTeam": 50,
    },
    "mechanicallyAvailable": [
      "aiThrottle",
      "andon",
      "firefight",
      "interruptReview",
      "overtime",
      "pairReview",
      "splitPr",
    ],
    "reason": "moraleCollapse",
    "source": "nightmare/naiveNoInterventionCtl/pt-2",
    "sprintsPlayed": 2,
    "warningKey": "morale",
  },
  {
    "baseline": {
      "leftDanger": false,
      "loseReason": "techDebt",
      "sprintsToLose": 1,
      "status": "lost",
      "truncated": false,
    },
    "branches": [
      {
        "actionId": "firefight",
        "leftDanger": false,
        "loseReason": "techDebt",
        "sprintsToLose": 2,
        "status": "lost",
        "truncated": false,
      },
      {
        "actionId": "andon",
        "leftDanger": false,
        "loseReason": "techDebt",
        "sprintsToLose": 1,
        "status": "lost",
        "truncated": false,
      },
      {
        "actionId": "pairReview",
        "leftDanger": false,
        "loseReason": "techDebt",
        "sprintsToLose": 2,
        "status": "lost",
        "truncated": false,
      },
    ],
    "counterfactualOrigin": {
      "index": 4,
      "quarter": 1,
      "sprintsPlayed": 3,
    },
    "effectiveProbes": [
      "firefight",
      "pairReview",
    ],
    "firstDanger": {
      "actions": [
        "aiThrottle",
        "andon",
        "firefight",
        "interruptReview",
        "overtime",
        "pairReview",
        "splitPr",
      ],
      "index": 4,
      "quarter": 1,
      "signals": {
        "aiDependency": 47.8,
        "aiLiteracy": 71,
        "budget": 25,
        "consecutiveIncidentSprints": 2,
        "morale": 67.5,
        "reviewQueue": 3,
        "reviewQueuePeak": 25,
        "seniorHp": 7.5,
        "techDebt": 60,
      },
      "sprintsPlayed": 3,
    },
    "lostPhase": "sprint",
    "lostPrevState": {
      "aiDependency": 37.2,
      "budget": 25,
      "minTrust": 45,
      "morale": 70.5,
      "phase": "sprint",
      "seniorHp": 55.2,
      "techDebt": 42,
      "trustCustomers": 45,
      "trustManagement": 45,
      "trustTeam": 50,
    },
    "mechanicallyAvailable": [
      "aiThrottle",
      "andon",
      "firefight",
      "interruptReview",
      "overtime",
      "pairReview",
      "splitPr",
    ],
    "reason": "techDebt",
    "source": "nightmare/naiveNoInterventionCtl/pt-4",
    "sprintsPlayed": 4,
    "warningKey": "techDebt",
  },
  {
    "baseline": {
      "leftDanger": false,
      "loseReason": "reviewFreeze",
      "sprintsToLose": 1,
      "status": "lost",
      "truncated": false,
    },
    "branches": [
      {
        "actionId": "splitPr",
        "leftDanger": false,
        "loseReason": "reviewFreeze",
        "sprintsToLose": 1,
        "status": "lost",
        "truncated": false,
      },
      {
        "actionId": "pairReview",
        "leftDanger": false,
        "loseReason": "reviewFreeze",
        "sprintsToLose": 1,
        "status": "lost",
        "truncated": false,
      },
    ],
    "counterfactualOrigin": {
      "index": 3,
      "quarter": 1,
      "sprintsPlayed": 2,
    },
    "effectiveProbes": [],
    "firstDanger": {
      "actions": [
        "splitPr",
      ],
      "index": 3,
      "quarter": 1,
      "signals": {
        "aiDependency": 100,
        "aiLiteracy": 100,
        "budget": 60,
        "consecutiveIncidentSprints": 0,
        "morale": 100,
        "reviewQueue": 36,
        "reviewQueuePeak": 36,
        "seniorHp": 35.6,
        "techDebt": 0,
      },
      "sprintsPlayed": 2,
    },
    "lostPhase": "sprint",
    "lostPrevState": {
      "aiDependency": 100,
      "budget": 60,
      "minTrust": 70,
      "morale": 100,
      "phase": "sprint",
      "seniorHp": 54.2,
      "techDebt": 0,
      "trustCustomers": 70,
      "trustManagement": 70,
      "trustTeam": 75,
    },
    "mechanicallyAvailable": [
      "firefight",
      "pairReview",
      "splitPr",
    ],
    "reason": "reviewFreeze",
    "source": "easy/securityNeglect/pt-5",
    "sprintsPlayed": 3,
    "warningKey": "reviewQueuePeak",
  },
  {
    "baseline": {
      "leftDanger": false,
      "loseReason": null,
      "sprintsToLose": null,
      "status": "playing",
      "truncated": true,
    },
    "branches": [
      {
        "actionId": "aiThrottle",
        "leftDanger": false,
        "loseReason": null,
        "sprintsToLose": null,
        "status": "playing",
        "truncated": true,
      },
      {
        "actionId": "pairReview",
        "leftDanger": true,
        "loseReason": null,
        "sprintsToLose": null,
        "status": "playing",
        "truncated": true,
      },
    ],
    "counterfactualOrigin": {
      "index": 1,
      "quarter": 1,
      "sprintsPlayed": 0,
    },
    "effectiveProbes": [
      "pairReview",
    ],
    "firstDanger": {
      "actions": [
        "aiThrottle",
        "andon",
        "assignTask",
        "interruptReview",
        "overtime",
        "pairReview",
        "splitPr",
      ],
      "index": 1,
      "quarter": 1,
      "signals": {
        "aiDependency": 51.6,
        "aiLiteracy": 25,
        "budget": 25,
        "consecutiveIncidentSprints": 0,
        "morale": 58.5,
        "reviewQueue": 11,
        "reviewQueuePeak": 12,
        "seniorHp": 82.2,
        "techDebt": 0,
      },
      "sprintsPlayed": 0,
    },
    "lostPhase": "sprint",
    "lostPrevState": {
      "aiDependency": 90.2,
      "budget": 25,
      "minTrust": 45,
      "morale": 72.5,
      "phase": "sprint",
      "seniorHp": 55.6,
      "techDebt": 60,
      "trustCustomers": 45,
      "trustManagement": 45,
      "trustTeam": 50,
    },
    "mechanicallyAvailable": [
      "aiThrottle",
      "andon",
      "assignTask",
      "firefight",
      "interruptReview",
      "overtime",
      "pairReview",
      "splitPr",
    ],
    "reason": "aiDependency",
    "source": "nightmare/naiveNoInterventionCtl/pt-7",
    "sprintsPlayed": 5,
    "warningKey": "aiDependencyUnsafe",
  },
  {
    "baseline": {
      "leftDanger": false,
      "loseReason": "budgetExhausted",
      "sprintsToLose": 1,
      "status": "lost",
      "truncated": false,
    },
    "branches": [
      {
        "actionId": "aiThrottle",
        "leftDanger": false,
        "loseReason": "budgetExhausted",
        "sprintsToLose": 1,
        "status": "lost",
        "truncated": false,
      },
      {
        "actionId": "andon",
        "leftDanger": false,
        "loseReason": "budgetExhausted",
        "sprintsToLose": 1,
        "status": "lost",
        "truncated": false,
      },
      {
        "actionId": "pairReview",
        "leftDanger": false,
        "loseReason": "budgetExhausted",
        "sprintsToLose": 1,
        "status": "lost",
        "truncated": false,
      },
    ],
    "counterfactualOrigin": {
      "index": 3,
      "quarter": 1,
      "sprintsPlayed": 2,
    },
    "effectiveProbes": [],
    "firstDanger": {
      "actions": [
        "aiThrottle",
        "andon",
        "assignTask",
        "overtime",
        "pairReview",
      ],
      "index": 3,
      "quarter": 1,
      "signals": {
        "aiDependency": 100,
        "aiLiteracy": 84,
        "budget": 3,
        "consecutiveIncidentSprints": 0,
        "morale": 100,
        "reviewQueue": 0,
        "reviewQueuePeak": 28,
        "seniorHp": 63.5,
        "techDebt": 0,
      },
      "sprintsPlayed": 2,
    },
    "lostPhase": "setup",
    "lostPrevState": {
      "aiDependency": 100,
      "budget": 3,
      "minTrust": 70,
      "morale": 100,
      "phase": "setup",
      "seniorHp": 36,
      "techDebt": 4,
      "trustCustomers": 70,
      "trustManagement": 70,
      "trustTeam": 75,
    },
    "mechanicallyAvailable": [
      "aiThrottle",
      "andon",
      "assignTask",
      "firefight",
      "interruptReview",
      "overtime",
      "pairReview",
      "splitPr",
    ],
    "reason": "budgetExhausted",
    "source": "easy/harnessBloated/pt-9",
    "sprintsPlayed": 3,
    "warningKey": "budget",
  },
  {
    "baseline": {
      "actionId": null,
      "leftDanger": false,
      "loseReason": "incidentCascade",
      "loseTick": 1010134,
      "sprintsToLose": 1,
      "status": "lost",
      "truncated": false,
    },
    "branches": [
      {
        "actionId": "firefight",
        "leftDanger": false,
        "loseReason": "incidentCascade",
        "sprintsToLose": 1,
        "status": "lost",
        "truncated": false,
      },
      {
        "actionId": "andon",
        "leftDanger": false,
        "loseReason": "incidentCascade",
        "sprintsToLose": 1,
        "status": "lost",
        "truncated": false,
      },
    ],
    "counterfactualOrigin": {
      "index": 1,
      "quarter": 1,
      "sprintsPlayed": 0,
    },
    "effectiveProbes": [],
    "firstDanger": {
      "actions": [
        "aiThrottle",
        "andon",
        "assignTask",
        "firefight",
        "interruptReview",
        "overtime",
        "pairReview",
        "splitPr",
      ],
      "index": 1,
      "quarter": 1,
      "signals": {
        "aiDependency": 20,
        "aiLiteracy": 100,
        "budget": 100,
        "consecutiveIncidentSprints": 5,
        "morale": 100,
        "reviewQueue": 2,
        "reviewQueuePeak": 0,
        "seniorHp": 100,
        "techDebt": 0,
      },
      "sprintsPlayed": 0,
    },
    "lostPhase": "sprint",
    "lostPrevState": {
      "aiDependency": 20,
      "budget": 100,
      "minTrust": 100,
      "morale": 100,
      "phase": "sprint",
      "seniorHp": 100,
      "techDebt": 0,
      "trustCustomers": 100,
      "trustManagement": 100,
      "trustTeam": 100,
    },
    "mechanicallyAvailable": [
      "aiThrottle",
      "andon",
      "assignTask",
      "firefight",
      "interruptReview",
      "overtime",
      "pairReview",
      "splitPr",
    ],
    "reason": "incidentCascade",
    "source": "nightmare/flammable/ri139-incident-cascade（境界frame）",
    "sprintsPlayed": 1,
    "warningKey": "consecutiveIncidentSprints",
  },
]
`;
